[08] knowledge routing braid
WROTE: 08_knowledge_routing_braid
[09] reconstruction amplification matrix
WROTE: 09_reconstruction_amplification_matrix
[10] intervention phase portrait
WROTE: 10_intervention_phase_portrait
[11] full intervention fingerprint
WROTE: 11_full_factorial_intervention_fingerprint
[12] model × benchmark bubble atlas
WROTE: 12_model_benchmark_bubble_atlas
[13] judge decision landscape
WROTE: 13_judge_decision_landscape
[14] parameter method fingerprint
WROTE: 14_parameter_method_fingerprint
[15] training dynamics
WROTE: 15_parameter_training_dynamics

============================================================================================
EXTRA WOW FIGURES COMPLETE
============================================================================================
01_causal_trajectory.pdf
02_communication_defense_forest.pdf
03_topology_signature.pdf
04_benchmark_signature.pdf
05_model_and_parameter_landscape.pdf
06_robustness_and_wmdp.pdf
07_threshold_robustness_atlas.pdf
08_knowledge_routing_braid.pdf
09_reconstruction_amplification_matrix.pdf
10_intervention_phase_portrait.pdf
11_full_factorial_intervention_fingerprint.pdf
12_model_benchmark_bubble_atlas.pdf
13_judge_decision_landscape.pdf
14_parameter_method_fingerprint.pdf
15_parameter_training_dynamics.pdf
